
> geaimonvol@0.1.0 build
> next build

Ôû▓ Next.js 16.1.6 (Turbopack)

  Creating an optimized production build ...
node.exe : 
Au caractère Ligne:1 
: 1
+ & "C:\Program Files
\nodejs/node.exe" 
"C:\Program 
Files\nodejs/node_mo 
...
+ ~~~~~~~~~~~~~~~~~~~
~~~~~~~~~~~~~~~~~~~~~
~~~~~~~~~~~~~~~~~~~~~
~~~~~~~~
    + CategoryInfo   
           : NotSpe  
  cified: (:String   
 ) [], RemoteExce    
ption
    + FullyQualified 
   ErrorId : Native  
  CommandError
 
> Build error 
occurred
Error: Turbopack 
build failed with 1 
errors:
./src/app/page.tsx:4:
22
Ecmascript file had 
an error
[0m [90m  2 |[39m 
[36mimport[39m [32
m'./legacy.css'[39m
[33m;[39m
 [90m  3 |[39m
[31m[1m>[22m[39m
[90m  4 |[39m 
[36mconst[39m [33m
MapInterface[39m 
[33m=[39m dynamic(
 [90m    |[39m     
                 [31
m[1m^[22m[39m[31m
[1m^[22m[39m[31m
[1m^[22m[39m[31m[
1m^[22m[39m[31m[1
m^[22m[39m[31m[1m
^[22m[39m[31m[1m^
[22m[39m[31m[1m^
[22m[39m
[31m[1m>[22m[39m
[90m  5 |[39m   () 
[33m=>[39m [36mimp
ort[39m([32m'@/comp
onents/map/MapInterfa
ce'[39m)[33m,[39m
 [90m    |[39m [31
m[1m^[22m[39m[31m
[1m^[22m[39m[31m
[1m^[22m[39m[31m[
1m^[22m[39m[31m[1
m^[22m[39m[31m[1m
^[22m[39m[31m[1m^
[22m[39m[31m[1m^
[22m[39m[31m[1m^[
22m[39m[31m[1m^[2
2m[39m[31m[1m^[22
m[39m[31m[1m^[22m
[39m[31m[1m^[22m
[39m[31m[1m^[22m[
39m[31m[1m^[22m[3
9m[31m[1m^[22m[39
m[31m[1m^[22m[39m
[31m[1m^[22m[39m
[31m[1m^[22m[39m[
31m[1m^[22m[39m[3
1m[1m^[22m[39m[31
m[1m^[22m[39m[31m
[1m^[22m[39m[31m
[1m^[22m[39m[31m[
1m^[22m[39m[31m[1
m^[22m[39m[31m[1m
^[22m[39m[31m[1m^
[22m[39m[31m[1m^
[22m[39m[31m[1m^[
22m[39m[31m[1m^[2
2m[39m[31m[1m^[22
m[39m[31m[1m^[22m
[39m[31m[1m^[22m
[39m[31m[1m^[22m[
39m[31m[1m^[22m[3
9m[31m[1m^[22m[39
m[31m[1m^[22m[39m
[31m[1m^[22m[39m
[31m[1m^[22m[39m[
31m[1m^[22m[39m[3
1m[1m^[22m[39m[31
m[1m^[22m[39m[31m
[1m^[22m[39m[31m
[1m^[22m[39m[31m[
1m^[22m[39m[31m[1
m^[22m[39m[31m[1m
^[22m[39m
[31m[1m>[22m[39m
[90m  6 |[39m   { 
ssr[33m:[39m 
[36mfalse[39m }
 [90m    |[39m [31
m[1m^[22m[39m[31m
[1m^[22m[39m[31m
[1m^[22m[39m[31m[
1m^[22m[39m[31m[1
m^[22m[39m[31m[1m
^[22m[39m[31m[1m^
[22m[39m[31m[1m^
[22m[39m[31m[1m^[
22m[39m[31m[1m^[2
2m[39m[31m[1m^[22
m[39m[31m[1m^[22m
[39m[31m[1m^[22m
[39m[31m[1m^[22m[
39m[31m[1m^[22m[3
9m[31m[1m^[22m[39
m[31m[1m^[22m[39m
[31m[1m^[22m[39m
[31m[1m^[22m[39m[
31m[1m^[22m[39m[3
1m[1m^[22m[39m[31
m[1m^[22m[39m[31m
[1m^[22m[39m[31m
[1m^[22m[39m[31m[
1m^[22m[39m[31m[1
m^[22m[39m[31m[1m
^[22m[39m[31m[1m^
[22m[39m[31m[1m^
[22m[39m[31m[1m^[
22m[39m[31m[1m^[2
2m[39m[31m[1m^[22
m[39m[31m[1m^[22m
[39m[31m[1m^[22m
[39m[31m[1m^[22m[
39m[31m[1m^[22m[3
9m[31m[1m^[22m[39
m[31m[1m^[22m[39m
[31m[1m^[22m[39m
[31m[1m^[22m[39m[
31m[1m^[22m[39m[3
1m[1m^[22m[39m[31
m[1m^[22m[39m[31m
[1m^[22m[39m[31m
[1m^[22m[39m[31m[
1m^[22m[39m[31m[1
m^[22m[39m[31m[1m
^[22m[39m
[31m[1m>[22m[39m
[90m  7 |[39m 
)[33m;[39m
 [90m    |[39m [31
m[1m^[22m[39m[31m
[1m^[22m[39m
 [90m  8 |[39m
 [90m  9 |[39m 
[36mexport[39m 
[36mdefault[39m 
[36mfunction[39m 
[33mHome[39m() {
 [90m 10 |[39m   
[36mreturn[39m [33
m<[39m[33mMapInterf
ace[39m [33m/[39m
[33m>[39m[33m;[39m
[0m

`ssr: false` is not 
allowed with 
`next/dynamic` in 
Server Components. 
Please move it into 
a Client Component.


    at <unknown> (./s
rc/app/page.tsx:4:22)
